127.0.0.1 - - [28/Sep/2023:10:52:44 +0530] "GET / HTTP/1.1" 404 1074
0:0:0:0:0:0:0:1 - - [28/Sep/2023:10:52:45 +0530] "GET /JSFDemo/hello.xhtml HTTP/1.1" 200 199
0:0:0:0:0:0:0:1 - - [28/Sep/2023:10:53:33 +0530] "GET /JSFDemo/hello.xhtml HTTP/1.1" 500 16780
0:0:0:0:0:0:0:1 - - [28/Sep/2023:10:53:43 +0530] "GET /JSFDemo/hello.xhtml HTTP/1.1" 200 233
0:0:0:0:0:0:0:1 - - [28/Sep/2023:10:53:53 +0530] "GET /JSFDemo/hello.xhtml HTTP/1.1" 200 240
0:0:0:0:0:0:0:1 - - [28/Sep/2023:10:59:41 +0530] "GET /JSFDemo/hello.xhtml HTTP/1.1" 500 14247
0:0:0:0:0:0:0:1 - - [28/Sep/2023:11:00:26 +0530] "GET /JSFDemo/hello.xhtml HTTP/1.1" 500 14259
0:0:0:0:0:0:0:1 - - [28/Sep/2023:11:00:27 +0530] "GET /JSFDemo/hello.xhtml HTTP/1.1" 500 14259
0:0:0:0:0:0:0:1 - - [28/Sep/2023:11:00:27 +0530] "GET /JSFDemo/hello.xhtml HTTP/1.1" 500 14259
0:0:0:0:0:0:0:1 - - [28/Sep/2023:11:00:42 +0530] "GET /JSFDemo/hello.xhtml HTTP/1.1" 500 14259
0:0:0:0:0:0:0:1 - - [28/Sep/2023:11:01:06 +0530] "GET /JSFDemo/hello.xhtml HTTP/1.1" 200 240
0:0:0:0:0:0:0:1 - - [28/Sep/2023:11:01:18 +0530] "GET /JSFDemo/hello.xhtml HTTP/1.1" 200 248
0:0:0:0:0:0:0:1 - - [28/Sep/2023:11:01:27 +0530] "GET /JSFDemo/hello.xhtml HTTP/1.1" 200 262
127.0.0.1 - - [28/Sep/2023:11:41:07 +0530] "GET / HTTP/1.1" 404 1074
0:0:0:0:0:0:0:1 - - [28/Sep/2023:11:41:08 +0530] "GET /JSFDemo/Test.xhtml HTTP/1.1" 500 16812
127.0.0.1 - - [28/Sep/2023:11:41:50 +0530] "GET / HTTP/1.1" 404 1074
0:0:0:0:0:0:0:1 - - [28/Sep/2023:11:41:51 +0530] "GET /JSFDemo/Test.xhtml HTTP/1.1" 500 16813
127.0.0.1 - - [28/Sep/2023:11:42:56 +0530] "GET / HTTP/1.1" 404 1074
0:0:0:0:0:0:0:1 - - [28/Sep/2023:11:42:56 +0530] "GET /JSFDemo/Test.xhtml HTTP/1.1" 500 16813
127.0.0.1 - - [28/Sep/2023:11:44:20 +0530] "GET / HTTP/1.1" 404 1074
0:0:0:0:0:0:0:1 - - [28/Sep/2023:11:44:20 +0530] "GET /JSFDemo/Test.xhtml HTTP/1.1" 200 308
0:0:0:0:0:0:0:1 - - [28/Sep/2023:11:44:35 +0530] "GET /JSFDemo/Test.xhtml HTTP/1.1" 200 314
0:0:0:0:0:0:0:1 - - [28/Sep/2023:11:44:56 +0530] "GET /JSFDemo/Test.xhtml HTTP/1.1" 200 320
0:0:0:0:0:0:0:1 - - [28/Sep/2023:11:45:13 +0530] "GET /JSFDemo/Test.xhtml HTTP/1.1" 200 326
127.0.0.1 - - [28/Sep/2023:11:51:43 +0530] "GET / HTTP/1.1" 404 1074
0:0:0:0:0:0:0:1 - - [28/Sep/2023:11:51:43 +0530] "GET /JSFDemo/Greeting.xhtml HTTP/1.1" 200 220
127.0.0.1 - - [28/Sep/2023:12:04:15 +0530] "GET / HTTP/1.1" 404 1074
0:0:0:0:0:0:0:1 - - [28/Sep/2023:12:04:16 +0530] "GET /JSFDemo/faces/helloInput.xhtml HTTP/1.1" 200 651
0:0:0:0:0:0:0:1 - - [28/Sep/2023:12:04:21 +0530] "POST /JSFDemo/faces/helloInput.xhtml HTTP/1.1" 200 220
0:0:0:0:0:0:0:1 - - [28/Sep/2023:12:07:13 +0530] "GET /JSFDemo/faces/helloInput.xhtml HTTP/1.1" 200 650
0:0:0:0:0:0:0:1 - - [28/Sep/2023:12:07:43 +0530] "GET /JSFDemo/faces/helloInput.xhtml HTTP/1.1" 200 647
0:0:0:0:0:0:0:1 - - [28/Sep/2023:12:07:50 +0530] "GET /JSFDemo/faces/helloInput.xhtml HTTP/1.1" 200 650
127.0.0.1 - - [28/Sep/2023:12:08:32 +0530] "GET / HTTP/1.1" 404 1074
0:0:0:0:0:0:0:1 - - [28/Sep/2023:12:08:32 +0530] "GET /JSFDemo/faces/helloInput.xhtml HTTP/1.1" 200 649
0:0:0:0:0:0:0:1 - - [28/Sep/2023:12:09:02 +0530] "GET /JSFDemo/faces/helloInput.xhtml HTTP/1.1" 200 663
0:0:0:0:0:0:0:1 - - [28/Sep/2023:12:09:15 +0530] "GET /JSFDemo/faces/helloInput.xhtml HTTP/1.1" 200 678
127.0.0.1 - - [28/Sep/2023:12:17:13 +0530] "GET / HTTP/1.1" 404 1074
0:0:0:0:0:0:0:1 - - [28/Sep/2023:12:17:13 +0530] "GET /JSFDemo/faces/NameInput.xhtml HTTP/1.1" 500 18615
0:0:0:0:0:0:0:1 - - [28/Sep/2023:12:17:35 +0530] "GET /JSFDemo/faces/NameInput.xhtml HTTP/1.1" 200 755
0:0:0:0:0:0:0:1 - - [28/Sep/2023:12:17:41 +0530] "POST /JSFDemo/faces/NameInput.xhtml HTTP/1.1" 200 232
0:0:0:0:0:0:0:1 - - [28/Sep/2023:12:18:35 +0530] "POST /JSFDemo/faces/NameInput.xhtml HTTP/1.1" 500 14561
0:0:0:0:0:0:0:1 - - [28/Sep/2023:12:18:44 +0530] "POST /JSFDemo/faces/NameInput.xhtml HTTP/1.1" 200 237
127.0.0.1 - - [28/Sep/2023:12:37:14 +0530] "GET / HTTP/1.1" 404 1074
0:0:0:0:0:0:0:1 - - [28/Sep/2023:12:37:14 +0530] "GET /JSFDemo/faces/Calc.xhtml HTTP/1.1" 500 16240
0:0:0:0:0:0:0:1 - - [28/Sep/2023:12:37:29 +0530] "GET /JSFDemo/faces/Calc.xhtml HTTP/1.1" 200 734
0:0:0:0:0:0:0:1 - - [28/Sep/2023:12:37:40 +0530] "POST /JSFDemo/faces/Calc.xhtml HTTP/1.1" 200 200
127.0.0.1 - - [28/Sep/2023:12:57:37 +0530] "GET / HTTP/1.1" 404 1074
0:0:0:0:0:0:0:1 - - [28/Sep/2023:12:57:37 +0530] "GET /JSFDemo/faces/ShowEmploy.xhtml HTTP/1.1" 200 298
0:0:0:0:0:0:0:1 - - [28/Sep/2023:12:58:01 +0530] "GET /JSFDemo/faces/ShowEmploy.xhtml HTTP/1.1" 500 14385
0:0:0:0:0:0:0:1 - - [28/Sep/2023:12:58:18 +0530] "GET /JSFDemo/faces/ShowEmploy.xhtml HTTP/1.1" 200 298
0:0:0:0:0:0:0:1 - - [28/Sep/2023:12:58:28 +0530] "GET /JSFDemo/faces/ShowEmploy.xhtml HTTP/1.1" 200 298
0:0:0:0:0:0:0:1 - - [28/Sep/2023:12:58:29 +0530] "GET /JSFDemo/faces/ShowEmploy.xhtml HTTP/1.1" 200 298
0:0:0:0:0:0:0:1 - - [28/Sep/2023:12:58:29 +0530] "GET /JSFDemo/faces/ShowEmploy.xhtml HTTP/1.1" 200 298
0:0:0:0:0:0:0:1 - - [28/Sep/2023:12:58:29 +0530] "GET /JSFDemo/faces/ShowEmploy.xhtml HTTP/1.1" 200 298
0:0:0:0:0:0:0:1 - - [28/Sep/2023:12:58:29 +0530] "GET /JSFDemo/faces/ShowEmploy.xhtml HTTP/1.1" 200 298
0:0:0:0:0:0:0:1 - - [28/Sep/2023:12:58:29 +0530] "GET /JSFDemo/faces/ShowEmploy.xhtml HTTP/1.1" 200 298
0:0:0:0:0:0:0:1 - - [28/Sep/2023:12:58:30 +0530] "GET /JSFDemo/faces/ShowEmploy.xhtml HTTP/1.1" 200 298
0:0:0:0:0:0:0:1 - - [28/Sep/2023:12:58:30 +0530] "GET /JSFDemo/faces/ShowEmploy.xhtml HTTP/1.1" 200 298
0:0:0:0:0:0:0:1 - - [28/Sep/2023:12:58:30 +0530] "GET /JSFDemo/faces/ShowEmploy.xhtml HTTP/1.1" 200 298
0:0:0:0:0:0:0:1 - - [28/Sep/2023:12:58:30 +0530] "GET /JSFDemo/faces/ShowEmploy.xhtml HTTP/1.1" 200 298
0:0:0:0:0:0:0:1 - - [28/Sep/2023:12:59:09 +0530] "GET /JSFDemo/faces/ShowEmploy.xhtml HTTP/1.1" 200 929
127.0.0.1 - - [28/Sep/2023:14:19:52 +0530] "GET / HTTP/1.1" 404 1074
0:0:0:0:0:0:0:1 - - [28/Sep/2023:14:19:53 +0530] "GET /JSFDemo/faces/Login.xhtml HTTP/1.1" 200 769
0:0:0:0:0:0:0:1 - - [28/Sep/2023:14:20:03 +0530] "POST /JSFDemo/faces/Login.xhtml HTTP/1.1" 200 786
0:0:0:0:0:0:0:1 - - [28/Sep/2023:14:20:38 +0530] "POST /JSFDemo/faces/Login.xhtml HTTP/1.1" 200 785
0:0:0:0:0:0:0:1 - - [28/Sep/2023:14:20:44 +0530] "POST /JSFDemo/faces/Login.xhtml HTTP/1.1" 200 785
0:0:0:0:0:0:0:1 - - [28/Sep/2023:14:20:57 +0530] "POST /JSFDemo/faces/Login.xhtml HTTP/1.1" 200 786
0:0:0:0:0:0:0:1 - - [28/Sep/2023:14:21:01 +0530] "POST /JSFDemo/faces/Login.xhtml HTTP/1.1" 200 786
127.0.0.1 - - [28/Sep/2023:14:21:11 +0530] "GET / HTTP/1.1" 404 1074
0:0:0:0:0:0:0:1 - - [28/Sep/2023:14:21:12 +0530] "GET /JSFDemo/faces/Login.xhtml HTTP/1.1" 200 768
0:0:0:0:0:0:0:1 - - [28/Sep/2023:14:21:18 +0530] "POST /JSFDemo/faces/Login.xhtml HTTP/1.1" 200 785
127.0.0.1 - - [28/Sep/2023:14:21:51 +0530] "GET / HTTP/1.1" 404 1074
0:0:0:0:0:0:0:1 - - [28/Sep/2023:14:21:52 +0530] "GET /JSFDemo/faces/Login.xhtml HTTP/1.1" 200 768
0:0:0:0:0:0:0:1 - - [28/Sep/2023:14:22:04 +0530] "POST /JSFDemo/faces/Login.xhtml HTTP/1.1" 200 786
0:0:0:0:0:0:0:1 - - [28/Sep/2023:14:22:26 +0530] "POST /JSFDemo/faces/Login.xhtml HTTP/1.1" 302 -
0:0:0:0:0:0:0:1 - - [28/Sep/2023:14:22:26 +0530] "GET /JSFDemo/faces/Menu.xhtml HTTP/1.1" 500 16212
0:0:0:0:0:0:0:1 - - [28/Sep/2023:14:23:10 +0530] "POST /JSFDemo/faces/Login.xhtml HTTP/1.1" 302 -
0:0:0:0:0:0:0:1 - - [28/Sep/2023:14:23:10 +0530] "GET /JSFDemo/faces/Menu.xhtml HTTP/1.1" 200 211
127.0.0.1 - - [28/Sep/2023:14:53:50 +0530] "GET / HTTP/1.1" 404 1074
0:0:0:0:0:0:0:1 - - [28/Sep/2023:14:53:50 +0530] "GET /JSFDemo/faces/Login.xhtml HTTP/1.1" 200 767
0:0:0:0:0:0:0:1 - - [28/Sep/2023:14:53:55 +0530] "POST /JSFDemo/faces/Login.xhtml HTTP/1.1" 302 -
0:0:0:0:0:0:0:1 - - [28/Sep/2023:14:53:55 +0530] "GET /JSFDemo/faces/Login.xhtml HTTP/1.1" 200 788
0:0:0:0:0:0:0:1 - - [28/Sep/2023:14:54:10 +0530] "GET /JSFDemo/faces/Login.xhtml HTTP/1.1" 200 803
127.0.0.1 - - [28/Sep/2023:15:01:27 +0530] "GET / HTTP/1.1" 404 1074
0:0:0:0:0:0:0:1 - - [28/Sep/2023:15:01:28 +0530] "GET /JSFDemo/faces/Login.xhtml HTTP/1.1" 200 801
0:0:0:0:0:0:0:1 - - [28/Sep/2023:15:02:06 +0530] "GET /JSFDemo/faces/Login.xhtml HTTP/1.1" 200 802
0:0:0:0:0:0:0:1 - - [28/Sep/2023:15:02:08 +0530] "GET /JSFDemo/faces/Login.xhtml HTTP/1.1" 200 802
0:0:0:0:0:0:0:1 - - [28/Sep/2023:15:02:08 +0530] "GET /JSFDemo/faces/Login.xhtml HTTP/1.1" 200 803
0:0:0:0:0:0:0:1 - - [28/Sep/2023:15:02:14 +0530] "GET /JSFDemo/faces/Login.xhtml HTTP/1.1" 200 803
127.0.0.1 - - [28/Sep/2023:15:02:31 +0530] "GET / HTTP/1.1" 404 1074
0:0:0:0:0:0:0:1 - - [28/Sep/2023:15:02:31 +0530] "GET /JSFDemo/faces/Login.xhtml HTTP/1.1" 200 803
127.0.0.1 - - [28/Sep/2023:15:03:27 +0530] "GET / HTTP/1.1" 404 1074
0:0:0:0:0:0:0:1 - - [28/Sep/2023:15:03:27 +0530] "GET /JSFDemo/faces/Login.xhtml HTTP/1.1" 200 801
0:0:0:0:0:0:0:1 - - [28/Sep/2023:15:04:28 +0530] "GET /JSFDemo/faces/Login.xhtml HTTP/1.1" 200 801
127.0.0.1 - - [28/Sep/2023:15:04:46 +0530] "GET / HTTP/1.1" 404 1074
0:0:0:0:0:0:0:1 - - [28/Sep/2023:15:04:47 +0530] "GET /JSFDemo/faces/Login.xhtml HTTP/1.1" 200 802
0:0:0:0:0:0:0:1 - - [28/Sep/2023:15:05:22 +0530] "POST /JSFDemo/faces/Login.xhtml HTTP/1.1" 302 -
0:0:0:0:0:0:0:1 - - [28/Sep/2023:15:05:22 +0530] "GET /JSFDemo/faces/Login.xhtml HTTP/1.1" 200 801
0:0:0:0:0:0:0:1 - - [28/Sep/2023:15:05:26 +0530] "POST /JSFDemo/faces/Login.xhtml HTTP/1.1" 302 -
0:0:0:0:0:0:0:1 - - [28/Sep/2023:15:05:26 +0530] "GET /JSFDemo/faces/Login.xhtml HTTP/1.1" 200 802
0:0:0:0:0:0:0:1 - - [28/Sep/2023:15:05:33 +0530] "POST /JSFDemo/faces/Login.xhtml HTTP/1.1" 302 -
0:0:0:0:0:0:0:1 - - [28/Sep/2023:15:05:33 +0530] "GET /JSFDemo/faces/Menu.xhtml HTTP/1.1" 200 211
127.0.0.1 - - [28/Sep/2023:15:06:06 +0530] "GET / HTTP/1.1" 404 1074
0:0:0:0:0:0:0:1 - - [28/Sep/2023:15:06:07 +0530] "GET /JSFDemo/faces/Login.xhtml HTTP/1.1" 200 802
0:0:0:0:0:0:0:1 - - [28/Sep/2023:15:06:14 +0530] "POST /JSFDemo/faces/Login.xhtml HTTP/1.1" 302 -
0:0:0:0:0:0:0:1 - - [28/Sep/2023:15:06:14 +0530] "GET /JSFDemo/faces/Login.xhtml HTTP/1.1" 200 801
0:0:0:0:0:0:0:1 - - [28/Sep/2023:15:06:15 +0530] "POST /JSFDemo/faces/Login.xhtml HTTP/1.1" 302 -
0:0:0:0:0:0:0:1 - - [28/Sep/2023:15:06:15 +0530] "GET /JSFDemo/faces/Login.xhtml HTTP/1.1" 200 799
0:0:0:0:0:0:0:1 - - [28/Sep/2023:15:06:15 +0530] "POST /JSFDemo/faces/Login.xhtml HTTP/1.1" 302 -
0:0:0:0:0:0:0:1 - - [28/Sep/2023:15:06:15 +0530] "GET /JSFDemo/faces/Login.xhtml HTTP/1.1" 200 800
127.0.0.1 - - [28/Sep/2023:15:06:39 +0530] "GET / HTTP/1.1" 404 1074
0:0:0:0:0:0:0:1 - - [28/Sep/2023:15:06:40 +0530] "GET /JSFDemo/faces/Login.xhtml HTTP/1.1" 200 783
0:0:0:0:0:0:0:1 - - [28/Sep/2023:15:06:47 +0530] "POST /JSFDemo/faces/Login.xhtml HTTP/1.1" 302 -
0:0:0:0:0:0:0:1 - - [28/Sep/2023:15:06:47 +0530] "GET /JSFDemo/faces/Login.xhtml HTTP/1.1" 200 801
127.0.0.1 - - [28/Sep/2023:15:16:43 +0530] "GET / HTTP/1.1" 404 1074
0:0:0:0:0:0:0:1 - - [28/Sep/2023:15:16:43 +0530] "GET /JSFDemo/faces/CheckBox.xhtml HTTP/1.1" 500 16690
0:0:0:0:0:0:0:1 - - [28/Sep/2023:15:17:02 +0530] "GET /JSFDemo/faces/CheckBox.xhtml HTTP/1.1" 500 16690
127.0.0.1 - - [28/Sep/2023:15:29:25 +0530] "GET / HTTP/1.1" 404 1074
0:0:0:0:0:0:0:1 - - [28/Sep/2023:15:29:25 +0530] "GET /JSFDemo/faces/CheckBox.xhtml HTTP/1.1" 500 16690
127.0.0.1 - - [28/Sep/2023:15:34:18 +0530] "GET / HTTP/1.1" 404 1074
0:0:0:0:0:0:0:1 - - [28/Sep/2023:15:34:19 +0530] "GET /JSFDemo/faces/CheckBox.xhtml HTTP/1.1" 200 1261
127.0.0.1 - - [28/Sep/2023:15:45:55 +0530] "GET / HTTP/1.1" 404 1074
0:0:0:0:0:0:0:1 - - [28/Sep/2023:15:45:56 +0530] "GET /JSFDemo/faces/RadioButton.xhtml HTTP/1.1" 200 1040
0:0:0:0:0:0:0:1 - - [28/Sep/2023:15:46:01 +0530] "POST /JSFDemo/faces/RadioButton.xhtml HTTP/1.1" 500 17746
127.0.0.1 - - [28/Sep/2023:15:50:37 +0530] "GET / HTTP/1.1" 404 1074
0:0:0:0:0:0:0:1 - - [28/Sep/2023:15:50:37 +0530] "GET /JSFDemo/faces/RadioButton.xhtml HTTP/1.1" 200 1040
0:0:0:0:0:0:0:1 - - [28/Sep/2023:15:50:45 +0530] "POST /JSFDemo/faces/RadioButton.xhtml HTTP/1.1" 200 544
